current directory: /Users/patrickkramer/PhD-Website/patrick-kramer.github.io/vendor/bundle/ruby/3.4.0/gems/eventmachine-1.2.7/ext/fastfilereader
/usr/local/opt/ruby/bin/ruby extconf.rb
creating Makefile

current directory: /Users/patrickkramer/PhD-Website/patrick-kramer.github.io/vendor/bundle/ruby/3.4.0/gems/eventmachine-1.2.7/ext/fastfilereader
make DESTDIR\= sitearchdir\=./.gem.20251112-47208-6c5fc2 sitelibdir\=./.gem.20251112-47208-6c5fc2 clean

current directory: /Users/patrickkramer/PhD-Website/patrick-kramer.github.io/vendor/bundle/ruby/3.4.0/gems/eventmachine-1.2.7/ext/fastfilereader
make DESTDIR\= sitearchdir\=./.gem.20251112-47208-6c5fc2 sitelibdir\=./.gem.20251112-47208-6c5fc2
compiling mapper.cpp
compiling rubymain.cpp
rubymain.cpp:53:12: warning: 'rb_data_object_wrap_warning' is deprecated: by TypedData [-Wdeprecated-declarations]
        VALUE v = Data_Wrap_Struct (Mapper, 0, mapper_dt, (void*)m);
                  ^
/usr/local/Cellar/ruby/3.4.7/include/ruby-3.4.0/ruby/internal/core/rdata.h:199:5: note: expanded from macro 'Data_Wrap_Struct'
    rb_data_object_wrap(                          \
    ^
/usr/local/Cellar/ruby/3.4.7/include/ruby-3.4.0/ruby/internal/core/rdata.h:363:31: note: expanded from macro 'rb_data_object_wrap'
#define rb_data_object_wrap   RUBY_MACRO_SELECT(rb_data_object_wrap_2, RUBY_UNTYPED_DATA_WARNING)
                              ^
/usr/local/Cellar/ruby/3.4.7/include/ruby-3.4.0/ruby/internal/core/rdata.h:50:35: note: expanded from macro 'RUBY_MACRO_SELECT'
#define RUBY_MACRO_SELECT(x, y)   RBIMPL_MACRO_SELECT(x, y)
                                  ^
/usr/local/Cellar/ruby/3.4.7/include/ruby-3.4.0/ruby/internal/core/rdata.h:49:35: note: expanded from macro 'RBIMPL_MACRO_SELECT'
#define RBIMPL_MACRO_SELECT(x, y) x ## y
                                  ^
<scratch space>:67:1: note: expanded from here
rb_data_object_wrap_1
^
/usr/local/Cellar/ruby/3.4.7/include/ruby-3.4.0/ruby/internal/core/rdata.h:361:31: note: expanded from macro 'rb_data_object_wrap_1'
#define rb_data_object_wrap_1 rb_data_object_wrap_warning
                              ^
/usr/local/Cellar/ruby/3.4.7/include/ruby-3.4.0/ruby/internal/core/rdata.h:277:1: note: 'rb_data_object_wrap_warning' has been explicitly marked deprecated here
RBIMPL_ATTRSET_UNTYPED_DATA_FUNC()
^
/usr/local/Cellar/ruby/3.4.7/include/ruby-3.4.0/ruby/internal/core/rdata.h:47:5: note: expanded from macro 'RBIMPL_ATTRSET_UNTYPED_DATA_FUNC'
    RBIMPL_ATTR_DEPRECATED(("by TypedData"))
    ^
/usr/local/Cellar/ruby/3.4.7/include/ruby-3.4.0/ruby/internal/attr/deprecated.h:36:53: note: expanded from macro 'RBIMPL_ATTR_DEPRECATED'
# define RBIMPL_ATTR_DEPRECATED(msg) __attribute__((__deprecated__ msg))
                                                    ^
rubymain.cpp:65:2: warning: 'rb_data_object_get_warning' is deprecated: by TypedData [-Wdeprecated-declarations]
        Data_Get_Struct (self, Mapper_t, m);
        ^
/usr/local/Cellar/ruby/3.4.7/include/ruby-3.4.0/ruby/internal/core/rdata.h:275:34: note: expanded from macro 'Data_Get_Struct'
    ((sval) = RBIMPL_CAST((type*)rb_data_object_get(obj)))
                                 ^
/usr/local/Cellar/ruby/3.4.7/include/ruby-3.4.0/ruby/internal/core/rdata.h:367:31: note: expanded from macro 'rb_data_object_get'
#define rb_data_object_get    RUBY_MACRO_SELECT(rb_data_object_get_2, RUBY_UNTYPED_DATA_WARNING)
                              ^
/usr/local/Cellar/ruby/3.4.7/include/ruby-3.4.0/ruby/internal/core/rdata.h:50:35: note: expanded from macro 'RUBY_MACRO_SELECT'
#define RUBY_MACRO_SELECT(x, y)   RBIMPL_MACRO_SELECT(x, y)
                                  ^
/usr/local/Cellar/ruby/3.4.7/include/ruby-3.4.0/ruby/internal/core/rdata.h:49:35: note: expanded from macro 'RBIMPL_MACRO_SELECT'
#define RBIMPL_MACRO_SELECT(x, y) x ## y
                                  ^
<scratch space>:88:1: note: expanded from here
rb_data_object_get_1
^
/usr/local/Cellar/ruby/3.4.7/include/ruby-3.4.0/ruby/internal/core/rdata.h:365:31: note: expanded from macro 'rb_data_object_get_1'
#define rb_data_object_get_1  rb_data_object_get_warning
                              ^
/usr/local/Cellar/ruby/3.4.7/include/ruby-3.4.0/ruby/internal/core/rdata.h:314:1: note: 'rb_data_object_get_warning' has been explicitly marked deprecated here
RBIMPL_ATTRSET_UNTYPED_DATA_FUNC()
^
/usr/local/Cellar/ruby/3.4.7/include/ruby-3.4.0/ruby/internal/core/rdata.h:47:5: note: expanded from macro 'RBIMPL_ATTRSET_UNTYPED_DATA_FUNC'
    RBIMPL_ATTR_DEPRECATED(("by TypedData"))
    ^
/usr/local/Cellar/ruby/3.4.7/include/ruby-3.4.0/ruby/internal/attr/deprecated.h:36:53: note: expanded from macro 'RBIMPL_ATTR_DEPRECATED'
# define RBIMPL_ATTR_DEPRECATED(msg) __attribute__((__deprecated__ msg))
                                                    ^
rubymain.cpp:88:2: warning: 'rb_data_object_get_warning' is deprecated: by TypedData [-Wdeprecated-declarations]
        Data_Get_Struct (self, Mapper_t, m);
        ^
/usr/local/Cellar/ruby/3.4.7/include/ruby-3.4.0/ruby/internal/core/rdata.h:275:34: note: expanded from macro 'Data_Get_Struct'
    ((sval) = RBIMPL_CAST((type*)rb_data_object_get(obj)))
                                 ^
/usr/local/Cellar/ruby/3.4.7/include/ruby-3.4.0/ruby/internal/core/rdata.h:367:31: note: expanded from macro 'rb_data_object_get'
#define rb_data_object_get    RUBY_MACRO_SELECT(rb_data_object_get_2, RUBY_UNTYPED_DATA_WARNING)
                              ^
/usr/local/Cellar/ruby/3.4.7/include/ruby-3.4.0/ruby/internal/core/rdata.h:50:35: note: expanded from macro 'RUBY_MACRO_SELECT'
#define RUBY_MACRO_SELECT(x, y)   RBIMPL_MACRO_SELECT(x, y)
                                  ^
/usr/local/Cellar/ruby/3.4.7/include/ruby-3.4.0/ruby/internal/core/rdata.h:49:35: note: expanded from macro 'RBIMPL_MACRO_SELECT'
#define RBIMPL_MACRO_SELECT(x, y) x ## y
                                  ^
<scratch space>:99:1: note: expanded from here
rb_data_object_get_1
^
/usr/local/Cellar/ruby/3.4.7/include/ruby-3.4.0/ruby/internal/core/rdata.h:365:31: note: expanded from macro 'rb_data_object_get_1'
#define rb_data_object_get_1  rb_data_object_get_warning
                              ^
/usr/local/Cellar/ruby/3.4.7/include/ruby-3.4.0/ruby/internal/core/rdata.h:314:1: note: 'rb_data_object_get_warning' has been explicitly marked deprecated here
RBIMPL_ATTRSET_UNTYPED_DATA_FUNC()
^
/usr/local/Cellar/ruby/3.4.7/include/ruby-3.4.0/ruby/internal/core/rdata.h:47:5: note: expanded from macro 'RBIMPL_ATTRSET_UNTYPED_DATA_FUNC'
    RBIMPL_ATTR_DEPRECATED(("by TypedData"))
    ^
/usr/local/Cellar/ruby/3.4.7/include/ruby-3.4.0/ruby/internal/attr/deprecated.h:36:53: note: expanded from macro 'RBIMPL_ATTR_DEPRECATED'
# define RBIMPL_ATTR_DEPRECATED(msg) __attribute__((__deprecated__ msg))
                                                    ^
rubymain.cpp:102:2: warning: 'rb_data_object_get_warning' is deprecated: by TypedData [-Wdeprecated-declarations]
        Data_Get_Struct (self, Mapper_t, m);
        ^
/usr/local/Cellar/ruby/3.4.7/include/ruby-3.4.0/ruby/internal/core/rdata.h:275:34: note: expanded from macro 'Data_Get_Struct'
    ((sval) = RBIMPL_CAST((type*)rb_data_object_get(obj)))
                                 ^
/usr/local/Cellar/ruby/3.4.7/include/ruby-3.4.0/ruby/internal/core/rdata.h:367:31: note: expanded from macro 'rb_data_object_get'
#define rb_data_object_get    RUBY_MACRO_SELECT(rb_data_object_get_2, RUBY_UNTYPED_DATA_WARNING)
                              ^
/usr/local/Cellar/ruby/3.4.7/include/ruby-3.4.0/ruby/internal/core/rdata.h:50:35: note: expanded from macro 'RUBY_MACRO_SELECT'
#define RUBY_MACRO_SELECT(x, y)   RBIMPL_MACRO_SELECT(x, y)
                                  ^
/usr/local/Cellar/ruby/3.4.7/include/ruby-3.4.0/ruby/internal/core/rdata.h:49:35: note: expanded from macro 'RBIMPL_MACRO_SELECT'
#define RBIMPL_MACRO_SELECT(x, y) x ## y
                                  ^
<scratch space>:120:1: note: expanded from here
rb_data_object_get_1
^
/usr/local/Cellar/ruby/3.4.7/include/ruby-3.4.0/ruby/internal/core/rdata.h:365:31: note: expanded from macro 'rb_data_object_get_1'
#define rb_data_object_get_1  rb_data_object_get_warning
                              ^
/usr/local/Cellar/ruby/3.4.7/include/ruby-3.4.0/ruby/internal/core/rdata.h:314:1: note: 'rb_data_object_get_warning' has been explicitly marked deprecated here
RBIMPL_ATTRSET_UNTYPED_DATA_FUNC()
^
/usr/local/Cellar/ruby/3.4.7/include/ruby-3.4.0/ruby/internal/core/rdata.h:47:5: note: expanded from macro 'RBIMPL_ATTRSET_UNTYPED_DATA_FUNC'
    RBIMPL_ATTR_DEPRECATED(("by TypedData"))
    ^
/usr/local/Cellar/ruby/3.4.7/include/ruby-3.4.0/ruby/internal/attr/deprecated.h:36:53: note: expanded from macro 'RBIMPL_ATTR_DEPRECATED'
# define RBIMPL_ATTR_DEPRECATED(msg) __attribute__((__deprecated__ msg))
                                                    ^
rubymain.cpp:53:12: warning: call to rb_data_object_wrap_warning(unsigned long, void*, void (*)(void*), void (*)(void*)) declared with 'warning' attribute: untyped Data is unsafe; use TypedData instead [-Wattribute-warning]
        VALUE v = Data_Wrap_Struct (Mapper, 0, mapper_dt, (void*)m);
                  ^
/usr/local/Cellar/ruby/3.4.7/include/ruby-3.4.0/ruby/internal/core/rdata.h:199:5: note: expanded from macro 'Data_Wrap_Struct'
    rb_data_object_wrap(                          \
    ^
/usr/local/Cellar/ruby/3.4.7/include/ruby-3.4.0/ruby/internal/core/rdata.h:363:31: note: expanded from macro 'rb_data_object_wrap'
#define rb_data_object_wrap   RUBY_MACRO_SELECT(rb_data_object_wrap_2, RUBY_UNTYPED_DATA_WARNING)
                              ^
/usr/local/Cellar/ruby/3.4.7/include/ruby-3.4.0/ruby/internal/core/rdata.h:50:35: note: expanded from macro 'RUBY_MACRO_SELECT'
#define RUBY_MACRO_SELECT(x, y)   RBIMPL_MACRO_SELECT(x, y)
                                  ^
/usr/local/Cellar/ruby/3.4.7/include/ruby-3.4.0/ruby/internal/core/rdata.h:49:35: note: expanded from macro 'RBIMPL_MACRO_SELECT'
#define RBIMPL_MACRO_SELECT(x, y) x ## y
                                  ^
<scratch space>:67:1: note: expanded from here
rb_data_object_wrap_1
^
/usr/local/Cellar/ruby/3.4.7/include/ruby-3.4.0/ruby/internal/core/rdata.h:361:31: note: expanded from macro 'rb_data_object_wrap_1'
#define rb_data_object_wrap_1 rb_data_object_wrap_warning
                              ^
rubymain.cpp:102:2: warning: call to rb_data_object_get_warning(unsigned long) declared with 'warning' attribute: untyped Data is unsafe; use TypedData instead [-Wattribute-warning]
        Data_Get_Struct (self, Mapper_t, m);
        ^
/usr/local/Cellar/ruby/3.4.7/include/ruby-3.4.0/ruby/internal/core/rdata.h:275:34: note: expanded from macro 'Data_Get_Struct'
    ((sval) = RBIMPL_CAST((type*)rb_data_object_get(obj)))
                                 ^
/usr/local/Cellar/ruby/3.4.7/include/ruby-3.4.0/ruby/internal/core/rdata.h:367:31: note: expanded from macro 'rb_data_object_get'
#define rb_data_object_get    RUBY_MACRO_SELECT(rb_data_object_get_2, RUBY_UNTYPED_DATA_WARNING)
                              ^
/usr/local/Cellar/ruby/3.4.7/include/ruby-3.4.0/ruby/internal/core/rdata.h:50:35: note: expanded from macro 'RUBY_MACRO_SELECT'
#define RUBY_MACRO_SELECT(x, y)   RBIMPL_MACRO_SELECT(x, y)
                                  ^
/usr/local/Cellar/ruby/3.4.7/include/ruby-3.4.0/ruby/internal/core/rdata.h:49:35: note: expanded from macro 'RBIMPL_MACRO_SELECT'
#define RBIMPL_MACRO_SELECT(x, y) x ## y
                                  ^
<scratch space>:120:1: note: expanded from here
rb_data_object_get_1
^
/usr/local/Cellar/ruby/3.4.7/include/ruby-3.4.0/ruby/internal/core/rdata.h:365:31: note: expanded from macro 'rb_data_object_get_1'
#define rb_data_object_get_1  rb_data_object_get_warning
                              ^
rubymain.cpp:88:2: warning: call to rb_data_object_get_warning(unsigned long) declared with 'warning' attribute: untyped Data is unsafe; use TypedData instead [-Wattribute-warning]
        Data_Get_Struct (self, Mapper_t, m);
        ^
/usr/local/Cellar/ruby/3.4.7/include/ruby-3.4.0/ruby/internal/core/rdata.h:275:34: note: expanded from macro 'Data_Get_Struct'
    ((sval) = RBIMPL_CAST((type*)rb_data_object_get(obj)))
                                 ^
/usr/local/Cellar/ruby/3.4.7/include/ruby-3.4.0/ruby/internal/core/rdata.h:367:31: note: expanded from macro 'rb_data_object_get'
#define rb_data_object_get    RUBY_MACRO_SELECT(rb_data_object_get_2, RUBY_UNTYPED_DATA_WARNING)
                              ^
/usr/local/Cellar/ruby/3.4.7/include/ruby-3.4.0/ruby/internal/core/rdata.h:50:35: note: expanded from macro 'RUBY_MACRO_SELECT'
#define RUBY_MACRO_SELECT(x, y)   RBIMPL_MACRO_SELECT(x, y)
                                  ^
/usr/local/Cellar/ruby/3.4.7/include/ruby-3.4.0/ruby/internal/core/rdata.h:49:35: note: expanded from macro 'RBIMPL_MACRO_SELECT'
#define RBIMPL_MACRO_SELECT(x, y) x ## y
                                  ^
<scratch space>:99:1: note: expanded from here
rb_data_object_get_1
^
/usr/local/Cellar/ruby/3.4.7/include/ruby-3.4.0/ruby/internal/core/rdata.h:365:31: note: expanded from macro 'rb_data_object_get_1'
#define rb_data_object_get_1  rb_data_object_get_warning
                              ^
rubymain.cpp:65:2: warning: call to rb_data_object_get_warning(unsigned long) declared with 'warning' attribute: untyped Data is unsafe; use TypedData instead [-Wattribute-warning]
        Data_Get_Struct (self, Mapper_t, m);
        ^
/usr/local/Cellar/ruby/3.4.7/include/ruby-3.4.0/ruby/internal/core/rdata.h:275:34: note: expanded from macro 'Data_Get_Struct'
    ((sval) = RBIMPL_CAST((type*)rb_data_object_get(obj)))
                                 ^
/usr/local/Cellar/ruby/3.4.7/include/ruby-3.4.0/ruby/internal/core/rdata.h:367:31: note: expanded from macro 'rb_data_object_get'
#define rb_data_object_get    RUBY_MACRO_SELECT(rb_data_object_get_2, RUBY_UNTYPED_DATA_WARNING)
                              ^
/usr/local/Cellar/ruby/3.4.7/include/ruby-3.4.0/ruby/internal/core/rdata.h:50:35: note: expanded from macro 'RUBY_MACRO_SELECT'
#define RUBY_MACRO_SELECT(x, y)   RBIMPL_MACRO_SELECT(x, y)
                                  ^
/usr/local/Cellar/ruby/3.4.7/include/ruby-3.4.0/ruby/internal/core/rdata.h:49:35: note: expanded from macro 'RBIMPL_MACRO_SELECT'
#define RBIMPL_MACRO_SELECT(x, y) x ## y
                                  ^
<scratch space>:88:1: note: expanded from here
rb_data_object_get_1
^
/usr/local/Cellar/ruby/3.4.7/include/ruby-3.4.0/ruby/internal/core/rdata.h:365:31: note: expanded from macro 'rb_data_object_get_1'
#define rb_data_object_get_1  rb_data_object_get_warning
                              ^
8 warnings generated.
linking shared-object fastfilereaderext.bundle
ld: warning: -undefined dynamic_lookup may not work with chained fixups
ld: warning: dylib (/usr/local/Cellar/ruby/3.4.7/lib/libruby.3.4.dylib) was built for newer macOS version (14.0) than being linked (13.1)

current directory: /Users/patrickkramer/PhD-Website/patrick-kramer.github.io/vendor/bundle/ruby/3.4.0/gems/eventmachine-1.2.7/ext/fastfilereader
make DESTDIR\= sitearchdir\=./.gem.20251112-47208-6c5fc2 sitelibdir\=./.gem.20251112-47208-6c5fc2 install
/usr/bin/install -c -m 0755 fastfilereaderext.bundle ./.gem.20251112-47208-6c5fc2

current directory: /Users/patrickkramer/PhD-Website/patrick-kramer.github.io/vendor/bundle/ruby/3.4.0/gems/eventmachine-1.2.7/ext/fastfilereader
make DESTDIR\= sitearchdir\=./.gem.20251112-47208-6c5fc2 sitelibdir\=./.gem.20251112-47208-6c5fc2 clean
